Archive member included to satisfy reference by file (symbol)

/home/jonathan/apps/S32DS/Cross_Tools/powerpc-eabivle-4_9/bin/../lib/gcc/powerpc-eabivle/4.9.4/e200z3/fp/libgcc.a(eabivle.o)
                              ./src/main.o (__eabi)

Allocating common symbols
Common symbol       size              file

ledStatus           0x4               ./src/main.o

Discarded input sections

 .text          0x00000000        0x0 /home/jonathan/apps/S32DS/Cross_Tools/powerpc-eabivle-4_9/bin/../lib/gcc/powerpc-eabivle/4.9.4/e200z3/fp/ecrti.o
 .data          0x00000000        0x0 /home/jonathan/apps/S32DS/Cross_Tools/powerpc-eabivle-4_9/bin/../lib/gcc/powerpc-eabivle/4.9.4/e200z3/fp/ecrti.o
 .bss           0x00000000        0x0 /home/jonathan/apps/S32DS/Cross_Tools/powerpc-eabivle-4_9/bin/../lib/gcc/powerpc-eabivle/4.9.4/e200z3/fp/ecrti.o
 .fixup         0x00000000        0x0 /home/jonathan/apps/S32DS/Cross_Tools/powerpc-eabivle-4_9/bin/../lib/gcc/powerpc-eabivle/4.9.4/e200z3/fp/ecrti.o
 .sbss          0x00000000        0x0 /home/jonathan/apps/S32DS/Cross_Tools/powerpc-eabivle-4_9/bin/../lib/gcc/powerpc-eabivle/4.9.4/e200z3/fp/ecrti.o
 .sbss2         0x00000000        0x0 /home/jonathan/apps/S32DS/Cross_Tools/powerpc-eabivle-4_9/bin/../lib/gcc/powerpc-eabivle/4.9.4/e200z3/fp/ecrti.o
 .gcc_except_table
                0x00000000        0x0 /home/jonathan/apps/S32DS/Cross_Tools/powerpc-eabivle-4_9/bin/../lib/gcc/powerpc-eabivle/4.9.4/e200z3/fp/ecrti.o
 .data          0x00000000        0x4 /home/jonathan/apps/S32DS/Cross_Tools/powerpc-eabivle-4_9/bin/../lib/gcc/powerpc-eabivle/4.9.4/e200z3/fp/crtbegin.o
 .group         0x00000000        0x8 ./src/main.o
 .group         0x00000000        0x8 ./src/main.o
 .group         0x00000000        0x8 ./src/main.o
 .group         0x00000000        0x8 ./src/main.o
 .group         0x00000000        0x8 ./src/main.o
 .group         0x00000000        0x8 ./src/main.o
 .group         0x00000000        0x8 ./src/main.o
 .group         0x00000000        0x8 ./src/main.o
 .group         0x00000000        0x8 ./src/main.o
 .group         0x00000000        0x8 ./src/main.o
 .group         0x00000000        0x8 ./src/main.o
 .group         0x00000000        0x8 ./src/main.o
 .group         0x00000000        0x8 ./src/main.o
 .group         0x00000000        0x8 ./src/main.o
 .text          0x00000000        0x0 ./src/main.o
 .data          0x00000000        0x0 ./src/main.o
 .bss           0x00000000        0x0 ./src/main.o
 .group         0x00000000        0x8 ./src/led.o
 .group         0x00000000        0x8 ./src/led.o
 .group         0x00000000        0x8 ./src/led.o
 .group         0x00000000        0x8 ./src/led.o
 .group         0x00000000        0x8 ./src/led.o
 .group         0x00000000        0x8 ./src/led.o
 .group         0x00000000        0x8 ./src/led.o
 .group         0x00000000        0x8 ./src/led.o
 .group         0x00000000        0x8 ./src/led.o
 .group         0x00000000        0x8 ./src/led.o
 .group         0x00000000        0x8 ./src/led.o
 .group         0x00000000        0x8 ./src/led.o
 .group         0x00000000        0x8 ./src/led.o
 .group         0x00000000        0x8 ./src/led.o
 .text          0x00000000        0x0 ./src/led.o
 .data          0x00000000        0x0 ./src/led.o
 .bss           0x00000000        0x0 ./src/led.o
 .debug_macro   0x00000000      0x61c ./src/led.o
 .debug_macro   0x00000000       0x52 ./src/led.o
 .debug_macro   0x00000000       0xa0 ./src/led.o
 .debug_macro   0x00000000       0x16 ./src/led.o
 .debug_macro   0x00000000       0x64 ./src/led.o
 .debug_macro   0x00000000      0x1a3 ./src/led.o
 .debug_macro   0x00000000      0x133 ./src/led.o
 .debug_macro   0x00000000       0x9d ./src/led.o
 .debug_macro   0x00000000       0x10 ./src/led.o
 .debug_macro   0x00000000      0x15b ./src/led.o
 .debug_macro   0x00000000       0x28 ./src/led.o
 .debug_macro   0x00000000       0x58 ./src/led.o
 .debug_macro   0x00000000      0x123 ./src/led.o
 .debug_macro   0x00000000       0x28 ./src/led.o
 .data          0x00000000        0x0 ./src/intc_sw_handlers.o
 .bss           0x00000000        0x0 ./src/intc_sw_handlers.o
 .group         0x00000000        0x8 ./src/flashrchw.o
 .group         0x00000000        0x8 ./src/flashrchw.o
 .group         0x00000000        0x8 ./src/flashrchw.o
 .group         0x00000000        0x8 ./src/flashrchw.o
 .group         0x00000000        0x8 ./src/flashrchw.o
 .group         0x00000000        0x8 ./src/flashrchw.o
 .group         0x00000000        0x8 ./src/flashrchw.o
 .group         0x00000000        0x8 ./src/flashrchw.o
 .group         0x00000000        0x8 ./src/flashrchw.o
 .group         0x00000000        0x8 ./src/flashrchw.o
 .group         0x00000000        0x8 ./src/flashrchw.o
 .group         0x00000000        0x8 ./src/flashrchw.o
 .text          0x00000000        0x0 ./src/flashrchw.o
 .data          0x00000000        0x0 ./src/flashrchw.o
 .bss           0x00000000        0x0 ./src/flashrchw.o
 .debug_macro   0x00000000      0x61c ./src/flashrchw.o
 .debug_macro   0x00000000       0x52 ./src/flashrchw.o
 .debug_macro   0x00000000       0xa0 ./src/flashrchw.o
 .debug_macro   0x00000000       0x16 ./src/flashrchw.o
 .debug_macro   0x00000000       0x64 ./src/flashrchw.o
 .debug_macro   0x00000000      0x1a3 ./src/flashrchw.o
 .debug_macro   0x00000000      0x133 ./src/flashrchw.o
 .debug_macro   0x00000000       0x9d ./src/flashrchw.o
 .debug_macro   0x00000000       0x10 ./src/flashrchw.o
 .debug_macro   0x00000000      0x15b ./src/flashrchw.o
 .debug_macro   0x00000000       0x28 ./src/flashrchw.o
 .debug_macro   0x00000000       0x58 ./src/flashrchw.o
 .group         0x00000000        0x8 ./src/Vector.o
 .group         0x00000000        0x8 ./src/Vector.o
 .group         0x00000000        0x8 ./src/Vector.o
 .group         0x00000000        0x8 ./src/Vector.o
 .group         0x00000000        0x8 ./src/Vector.o
 .text          0x00000000        0x0 ./src/Vector.o
 .data          0x00000000        0x0 ./src/Vector.o
 .bss           0x00000000        0x0 ./src/Vector.o
 .debug_macro   0x00000000      0x61c ./src/Vector.o
 .debug_macro   0x00000000       0x52 ./src/Vector.o
 .debug_macro   0x00000000       0xa0 ./src/Vector.o
 .debug_macro   0x00000000       0x16 ./src/Vector.o
 .group         0x00000000        0x8 ./src/MPC56xx__Interrupt_Init.o
 .group         0x00000000        0x8 ./src/MPC56xx__Interrupt_Init.o
 .group         0x00000000        0x8 ./src/MPC56xx__Interrupt_Init.o
 .group         0x00000000        0x8 ./src/MPC56xx__Interrupt_Init.o
 .group         0x00000000        0x8 ./src/MPC56xx__Interrupt_Init.o
 .group         0x00000000        0x8 ./src/MPC56xx__Interrupt_Init.o
 .group         0x00000000        0x8 ./src/MPC56xx__Interrupt_Init.o
 .group         0x00000000        0x8 ./src/MPC56xx__Interrupt_Init.o
 .group         0x00000000        0x8 ./src/MPC56xx__Interrupt_Init.o
 .group         0x00000000        0x8 ./src/MPC56xx__Interrupt_Init.o
 .group         0x00000000        0x8 ./src/MPC56xx__Interrupt_Init.o
 .group         0x00000000        0x8 ./src/MPC56xx__Interrupt_Init.o
 .group         0x00000000        0x8 ./src/MPC56xx__Interrupt_Init.o
 .group         0x00000000        0x8 ./src/MPC56xx__Interrupt_Init.o
 .text          0x00000000        0x0 ./src/MPC56xx__Interrupt_Init.o
 .data          0x00000000        0x0 ./src/MPC56xx__Interrupt_Init.o
 .bss           0x00000000        0x0 ./src/MPC56xx__Interrupt_Init.o
 .debug_macro   0x00000000      0x61c ./src/MPC56xx__Interrupt_Init.o
 .debug_macro   0x00000000       0x52 ./src/MPC56xx__Interrupt_Init.o
 .debug_macro   0x00000000       0xa0 ./src/MPC56xx__Interrupt_Init.o
 .debug_macro   0x00000000       0x16 ./src/MPC56xx__Interrupt_Init.o
 .debug_macro   0x00000000       0x64 ./src/MPC56xx__Interrupt_Init.o
 .debug_macro   0x00000000      0x1a3 ./src/MPC56xx__Interrupt_Init.o
 .debug_macro   0x00000000      0x133 ./src/MPC56xx__Interrupt_Init.o
 .debug_macro   0x00000000       0x9d ./src/MPC56xx__Interrupt_Init.o
 .debug_macro   0x00000000       0x10 ./src/MPC56xx__Interrupt_Init.o
 .debug_macro   0x00000000      0x15b ./src/MPC56xx__Interrupt_Init.o
 .debug_macro   0x00000000       0x28 ./src/MPC56xx__Interrupt_Init.o
 .debug_macro   0x00000000       0x58 ./src/MPC56xx__Interrupt_Init.o
 .debug_macro   0x00000000      0x123 ./src/MPC56xx__Interrupt_Init.o
 .debug_macro   0x00000000       0x2e ./src/MPC56xx__Interrupt_Init.o
 .group         0x00000000        0x8 ./src/INTCISRVEC_table.o
 .group         0x00000000        0x8 ./src/INTCISRVEC_table.o
 .group         0x00000000        0x8 ./src/INTCISRVEC_table.o
 .group         0x00000000        0x8 ./src/INTCISRVEC_table.o
 .group         0x00000000        0x8 ./src/INTCISRVEC_table.o
 .group         0x00000000        0x8 ./src/INTCISRVEC_table.o
 .group         0x00000000        0x8 ./src/INTCISRVEC_table.o
 .group         0x00000000        0x8 ./src/INTCISRVEC_table.o
 .group         0x00000000        0x8 ./src/INTCISRVEC_table.o
 .group         0x00000000        0x8 ./src/INTCISRVEC_table.o
 .group         0x00000000        0x8 ./src/INTCISRVEC_table.o
 .group         0x00000000        0x8 ./src/INTCISRVEC_table.o
 .data          0x00000000        0x0 ./src/INTCISRVEC_table.o
 .bss           0x00000000        0x0 ./src/INTCISRVEC_table.o
 .debug_macro   0x00000000      0x61c ./src/INTCISRVEC_table.o
 .debug_macro   0x00000000       0x52 ./src/INTCISRVEC_table.o
 .debug_macro   0x00000000       0xa0 ./src/INTCISRVEC_table.o
 .debug_macro   0x00000000       0x16 ./src/INTCISRVEC_table.o
 .debug_macro   0x00000000       0x64 ./src/INTCISRVEC_table.o
 .debug_macro   0x00000000      0x1a3 ./src/INTCISRVEC_table.o
 .debug_macro   0x00000000      0x133 ./src/INTCISRVEC_table.o
 .debug_macro   0x00000000       0x9d ./src/INTCISRVEC_table.o
 .debug_macro   0x00000000       0x10 ./src/INTCISRVEC_table.o
 .debug_macro   0x00000000      0x15b ./src/INTCISRVEC_table.o
 .debug_macro   0x00000000       0x28 ./src/INTCISRVEC_table.o
 .debug_macro   0x00000000       0x58 ./src/INTCISRVEC_table.o
 .text          0x00000000        0x0 ./Project_Settings/Startup_Code/startup.o
 .data          0x00000000        0x0 ./Project_Settings/Startup_Code/startup.o
 .bss           0x00000000        0x0 ./Project_Settings/Startup_Code/startup.o
 .bss           0x00000000        0x0 /home/jonathan/apps/S32DS/Cross_Tools/powerpc-eabivle-4_9/bin/../lib/gcc/powerpc-eabivle/4.9.4/e200z3/fp/libgcc.a(eabivle.o)
 .data          0x00000000        0x0 /home/jonathan/apps/S32DS/Cross_Tools/powerpc-eabivle-4_9/bin/../lib/gcc/powerpc-eabivle/4.9.4/e200z3/fp/crtend.o
 .bss           0x00000000        0x0 /home/jonathan/apps/S32DS/Cross_Tools/powerpc-eabivle-4_9/bin/../lib/gcc/powerpc-eabivle/4.9.4/e200z3/fp/crtend.o
 .jcr           0x00000000        0x4 /home/jonathan/apps/S32DS/Cross_Tools/powerpc-eabivle-4_9/bin/../lib/gcc/powerpc-eabivle/4.9.4/e200z3/fp/crtend.o
 .text          0x00000000        0x0 /home/jonathan/apps/S32DS/Cross_Tools/powerpc-eabivle-4_9/bin/../lib/gcc/powerpc-eabivle/4.9.4/e200z3/fp/ecrtn.o
 .data          0x00000000        0x0 /home/jonathan/apps/S32DS/Cross_Tools/powerpc-eabivle-4_9/bin/../lib/gcc/powerpc-eabivle/4.9.4/e200z3/fp/ecrtn.o
 .bss           0x00000000        0x0 /home/jonathan/apps/S32DS/Cross_Tools/powerpc-eabivle-4_9/bin/../lib/gcc/powerpc-eabivle/4.9.4/e200z3/fp/ecrtn.o
 .fixup         0x00000000        0x0 /home/jonathan/apps/S32DS/Cross_Tools/powerpc-eabivle-4_9/bin/../lib/gcc/powerpc-eabivle/4.9.4/e200z3/fp/ecrtn.o
 .sdata         0x00000000        0x0 /home/jonathan/apps/S32DS/Cross_Tools/powerpc-eabivle-4_9/bin/../lib/gcc/powerpc-eabivle/4.9.4/e200z3/fp/ecrtn.o
 .sdata2        0x00000000        0x0 /home/jonathan/apps/S32DS/Cross_Tools/powerpc-eabivle-4_9/bin/../lib/gcc/powerpc-eabivle/4.9.4/e200z3/fp/ecrtn.o
 .gcc_except_table
                0x00000000        0x0 /home/jonathan/apps/S32DS/Cross_Tools/powerpc-eabivle-4_9/bin/../lib/gcc/powerpc-eabivle/4.9.4/e200z3/fp/ecrtn.o

Memory Configuration

Name             Origin             Length             Attributes
flash_rchw       0x00000000         0x00000008
m_text           0x00001000         0x0017f000
m_data           0x40000000         0x00017800
*default*        0x00000000         0xffffffff

Linker script and memory map

LOAD /home/jonathan/apps/S32DS/Cross_Tools/powerpc-eabivle-4_9/bin/../lib/gcc/powerpc-eabivle/4.9.4/e200z3/fp/ecrti.o
LOAD /home/jonathan/apps/S32DS/Cross_Tools/powerpc-eabivle-4_9/bin/../lib/gcc/powerpc-eabivle/4.9.4/e200z3/fp/crtbegin.o
LOAD ./src/main.o
LOAD ./src/led.o
LOAD ./src/intc_sw_handlers.o
LOAD ./src/flashrchw.o
LOAD ./src/Vector.o
LOAD ./src/MPC56xx__Interrupt_Init.o
LOAD ./src/INTCISRVEC_table.o
LOAD ./Project_Settings/Startup_Code/startup.o
START GROUP
LOAD /home/jonathan/apps/S32DS/S32DS/e200_ewl2/lib/e200z3/fp/libc99.a
LOAD /home/jonathan/apps/S32DS/S32DS/e200_ewl2/lib/e200z3/fp/libm.a
LOAD /home/jonathan/apps/S32DS/Cross_Tools/powerpc-eabivle-4_9/bin/../lib/gcc/powerpc-eabivle/4.9.4/e200z3/fp/libgcc.a
LOAD /home/jonathan/apps/S32DS/S32DS/e200_ewl2/lib/e200z3/fp/librt.a
END GROUP
LOAD /home/jonathan/apps/S32DS/Cross_Tools/powerpc-eabivle-4_9/bin/../lib/gcc/powerpc-eabivle/4.9.4/e200z3/fp/crtend.o
LOAD /home/jonathan/apps/S32DS/Cross_Tools/powerpc-eabivle-4_9/bin/../lib/gcc/powerpc-eabivle/4.9.4/e200z3/fp/ecrtn.o
                0x00000000                __HEAP_SIZE = 0x0
                0x00001000                __STACK_SIZE = 0x1000
                0x00017800                SRAM_SIZE = 0x17800
                0x40000000                SRAM_BASE_ADDR = 0x40000000

.rchw           0x00000000        0x8
 *(.rchw)
 .rchw          0x00000000        0x8 ./src/flashrchw.o
                0x00000000                RCHW

.startup        0x00001000      0x262
                0x00001000                __start = .
 *(.startup)
 .startup       0x00001000      0x262 ./Project_Settings/Startup_Code/startup.o
                0x00001000                _start

.core_exceptions_table
                0x00002000       0xf4
                0x00002000                __IVPR_VALUE = .
 *(.core_exceptions_table)
 .core_exceptions_table
                0x00002000       0xf4 ./src/Vector.o
                0x00002000                VTABLE
                0x00002000                IVOR0_Vector
                0x00002010                IVOR1_Vector
                0x00002020                IVOR2_Vector
                0x00002030                IVOR3_Vector
                0x00002040                IVOR4_Vector
                0x00002050                IVOR5_Vector
                0x00002060                IVOR6_Vector
                0x00002070                IVOR7_Vector
                0x00002080                IVOR8_Vector
                0x00002090                IVOR9_Vector
                0x000020a0                IVOR10_Vector
                0x000020b0                IVOR11_Vector
                0x000020c0                IVOR12_Vector
                0x000020d0                IVOR13_Vector
                0x000020e0                IVOR14_Vector
                0x000020f0                IVOR15_Vector

.intc_vector_table
                0x00003000      0xff0
 *(.intc_vector_table)
 .intc_vector_table
                0x00003000      0xff0 ./src/INTCISRVEC_table.o
                0x00003000                IntcIsrVectorTable

.text_booke
 *(.text*)

.text_vle       0x00003ff0      0x5d0
 *(.text.startup)
 *(.text)
 .text          0x00003ff0      0x16c /home/jonathan/apps/S32DS/Cross_Tools/powerpc-eabivle-4_9/bin/../lib/gcc/powerpc-eabivle/4.9.4/e200z3/fp/crtbegin.o
 *fill*         0x0000415c        0x4 
 .text          0x00004160       0x48 ./src/intc_sw_handlers.o
                0x00004160                IVOR4_Handler
 .text          0x000041a8        0xc ./src/INTCISRVEC_table.o
                0x000041a8                dummy
 .text          0x000041b4       0x4a /home/jonathan/apps/S32DS/Cross_Tools/powerpc-eabivle-4_9/bin/../lib/gcc/powerpc-eabivle/4.9.4/e200z3/fp/libgcc.a(eabivle.o)
                0x000041b4                __eabi
 *fill*         0x000041fe        0x2 
 .text          0x00004200       0x48 /home/jonathan/apps/S32DS/Cross_Tools/powerpc-eabivle-4_9/bin/../lib/gcc/powerpc-eabivle/4.9.4/e200z3/fp/crtend.o
 *(.text.*)
 .text.cycSleep
                0x00004248       0x40 ./src/main.o
                0x00004248                cycSleep
 .text.main     0x00004288       0xac ./src/main.o
                0x00004288                main
 .text.initLeds
                0x00004334       0x3c ./src/led.o
                0x00004334                initLeds
 .text.ledOn    0x00004370       0x2a ./src/led.o
                0x00004370                ledOn
 *fill*         0x0000439a        0x2 
 .text.ledOff   0x0000439c       0x2a ./src/led.o
                0x0000439c                ledOff
 *fill*         0x000043c6        0x2 
 .text.SetIVPR  0x000043c8       0x1a ./src/MPC56xx__Interrupt_Init.o
                0x000043c8                SetIVPR
 *fill*         0x000043e2        0x2 
 .text.InitIVORS
                0x000043e4       0xfe ./src/MPC56xx__Interrupt_Init.o
                0x000043e4                InitIVORS
 *fill*         0x000044e2        0x2 
 .text.InitINTC
                0x000044e4       0x40 ./src/MPC56xx__Interrupt_Init.o
                0x000044e4                InitINTC
 .text.enableIrq
                0x00004524       0x22 ./src/MPC56xx__Interrupt_Init.o
                0x00004524                enableIrq
 *fill*         0x00004546        0x2 
 .text.xcptn_xmpl
                0x00004548       0x38 ./src/MPC56xx__Interrupt_Init.o
                0x00004548                xcptn_xmpl
 *(.init)
 .init          0x00004580        0xa /home/jonathan/apps/S32DS/Cross_Tools/powerpc-eabivle-4_9/bin/../lib/gcc/powerpc-eabivle/4.9.4/e200z3/fp/ecrti.o
                0x00004580                __init
 .init          0x0000458a        0x4 /home/jonathan/apps/S32DS/Cross_Tools/powerpc-eabivle-4_9/bin/../lib/gcc/powerpc-eabivle/4.9.4/e200z3/fp/crtbegin.o
 .init          0x0000458e        0x4 /home/jonathan/apps/S32DS/Cross_Tools/powerpc-eabivle-4_9/bin/../lib/gcc/powerpc-eabivle/4.9.4/e200z3/fp/crtend.o
 .init          0x00004592        0xa /home/jonathan/apps/S32DS/Cross_Tools/powerpc-eabivle-4_9/bin/../lib/gcc/powerpc-eabivle/4.9.4/e200z3/fp/ecrtn.o
 *(.fini)
 .fini          0x0000459c        0xa /home/jonathan/apps/S32DS/Cross_Tools/powerpc-eabivle-4_9/bin/../lib/gcc/powerpc-eabivle/4.9.4/e200z3/fp/ecrti.o
                0x0000459c                __fini
 .fini          0x000045a6        0x4 /home/jonathan/apps/S32DS/Cross_Tools/powerpc-eabivle-4_9/bin/../lib/gcc/powerpc-eabivle/4.9.4/e200z3/fp/crtbegin.o
 .fini          0x000045aa        0xa /home/jonathan/apps/S32DS/Cross_Tools/powerpc-eabivle-4_9/bin/../lib/gcc/powerpc-eabivle/4.9.4/e200z3/fp/ecrtn.o
                0x000045c0                . = ALIGN (0x10)
 *fill*         0x000045b4        0xc 

.glink          0x000045c0        0x0
 .glink         0x000045c0        0x0 /home/jonathan/apps/S32DS/Cross_Tools/powerpc-eabivle-4_9/bin/../lib/gcc/powerpc-eabivle/4.9.4/e200z3/fp/crtbegin.o

.ctors          0x000045c0        0x8
                0x000045c0                __CTOR_LIST__ = .
 *crtbegin.o(.ctors)
 .ctors         0x000045c0        0x4 /home/jonathan/apps/S32DS/Cross_Tools/powerpc-eabivle-4_9/bin/../lib/gcc/powerpc-eabivle/4.9.4/e200z3/fp/crtbegin.o
 *crtbegin?.o(.ctors)
 *(EXCLUDE_FILE(*crtend.o *crtend?.o) .ctors)
 .ctors         0x000045c4        0x0 /home/jonathan/apps/S32DS/Cross_Tools/powerpc-eabivle-4_9/bin/../lib/gcc/powerpc-eabivle/4.9.4/e200z3/fp/ecrti.o
 .ctors         0x000045c4        0x0 /home/jonathan/apps/S32DS/Cross_Tools/powerpc-eabivle-4_9/bin/../lib/gcc/powerpc-eabivle/4.9.4/e200z3/fp/ecrtn.o
 *(SORT(.ctors.*))
 *(.ctors)
 .ctors         0x000045c4        0x4 /home/jonathan/apps/S32DS/Cross_Tools/powerpc-eabivle-4_9/bin/../lib/gcc/powerpc-eabivle/4.9.4/e200z3/fp/crtend.o
                0x000045c8                __CTOR_END__ = .

.dtors          0x000045c8        0x8
                0x000045c8                __DTOR_LIST__ = .
 *crtbegin.o(.dtors)
 .dtors         0x000045c8        0x4 /home/jonathan/apps/S32DS/Cross_Tools/powerpc-eabivle-4_9/bin/../lib/gcc/powerpc-eabivle/4.9.4/e200z3/fp/crtbegin.o
 *crtbegin?.o(.dtors)
 *(EXCLUDE_FILE(*crtend.o *crtend?.o) .dtors)
 .dtors         0x000045cc        0x0 /home/jonathan/apps/S32DS/Cross_Tools/powerpc-eabivle-4_9/bin/../lib/gcc/powerpc-eabivle/4.9.4/e200z3/fp/ecrti.o
 .dtors         0x000045cc        0x0 /home/jonathan/apps/S32DS/Cross_Tools/powerpc-eabivle-4_9/bin/../lib/gcc/powerpc-eabivle/4.9.4/e200z3/fp/ecrtn.o
 *(SORT(.dtors.*))
 *(.dtors)
 .dtors         0x000045cc        0x4 /home/jonathan/apps/S32DS/Cross_Tools/powerpc-eabivle-4_9/bin/../lib/gcc/powerpc-eabivle/4.9.4/e200z3/fp/crtend.o
                0x000045d0                __DTOR_END__ = .

.preinit_array  0x000045d0        0x0
                [!provide]                PROVIDE (__preinit_array_start, .)
 *(.preinit_array*)
                [!provide]                PROVIDE (__preinit_array_end, .)

.init_array     0x000045d0        0x0
                [!provide]                PROVIDE (__init_array_start, .)
 *(SORT(.init_array.*))
 *(.init_array*)
                [!provide]                PROVIDE (__init_array_end, .)

.fini_array     0x000045d0        0x0
                [!provide]                PROVIDE (__fini_array_start, .)
 *(SORT(.fini_array.*))
 *(.fini_array*)
                [!provide]                PROVIDE (__fini_array_end, .)

.rodata
 *(.rodata)
 *(.rodata.*)

.eh_frame_hdr
 *(.eh_frame_hdr)

.eh_frame       0x000045d0        0x8
 *(.eh_frame)
 .eh_frame      0x000045d0        0x0 /home/jonathan/apps/S32DS/Cross_Tools/powerpc-eabivle-4_9/bin/../lib/gcc/powerpc-eabivle/4.9.4/e200z3/fp/ecrti.o
                0x000045d0                __EH_FRAME_BEGIN__
 .eh_frame      0x000045d0        0x0 /home/jonathan/apps/S32DS/Cross_Tools/powerpc-eabivle-4_9/bin/../lib/gcc/powerpc-eabivle/4.9.4/e200z3/fp/crtbegin.o
 .eh_frame      0x000045d0        0x0 /home/jonathan/apps/S32DS/Cross_Tools/powerpc-eabivle-4_9/bin/../lib/gcc/powerpc-eabivle/4.9.4/e200z3/fp/crtbegin.o
 .eh_frame      0x000045d0        0x4 /home/jonathan/apps/S32DS/Cross_Tools/powerpc-eabivle-4_9/bin/../lib/gcc/powerpc-eabivle/4.9.4/e200z3/fp/crtend.o
 .eh_frame      0x000045d4        0x4 /home/jonathan/apps/S32DS/Cross_Tools/powerpc-eabivle-4_9/bin/../lib/gcc/powerpc-eabivle/4.9.4/e200z3/fp/ecrtn.o
                0x000045d4                __EH_FRAME_END__

.data           0x40000000        0x4 load address 0x000045d8
 *(.data)
 .data          0x40000000        0x4 /home/jonathan/apps/S32DS/Cross_Tools/powerpc-eabivle-4_9/bin/../lib/gcc/powerpc-eabivle/4.9.4/e200z3/fp/libgcc.a(eabivle.o)
 *(.data.*)

.jcr            0x40000004        0x0 load address 0x000045dc
 .jcr           0x40000004        0x0 /home/jonathan/apps/S32DS/Cross_Tools/powerpc-eabivle-4_9/bin/../lib/gcc/powerpc-eabivle/4.9.4/e200z3/fp/crtbegin.o

.tm_clone_table
                0x40000004        0x0 load address 0x000045dc
 .tm_clone_table
                0x40000004        0x0 /home/jonathan/apps/S32DS/Cross_Tools/powerpc-eabivle-4_9/bin/../lib/gcc/powerpc-eabivle/4.9.4/e200z3/fp/crtbegin.o
 .tm_clone_table
                0x40000004        0x0 /home/jonathan/apps/S32DS/Cross_Tools/powerpc-eabivle-4_9/bin/../lib/gcc/powerpc-eabivle/4.9.4/e200z3/fp/crtend.o

.got2           0x40000004       0x1c load address 0x000045dc
 .got2          0x40000004       0x1c /home/jonathan/apps/S32DS/Cross_Tools/powerpc-eabivle-4_9/bin/../lib/gcc/powerpc-eabivle/4.9.4/e200z3/fp/libgcc.a(eabivle.o)

.sdata2         0x40000020        0x0 load address 0x000045f8
 *(.sdata2)
 .sdata2        0x40000020        0x0 /home/jonathan/apps/S32DS/Cross_Tools/powerpc-eabivle-4_9/bin/../lib/gcc/powerpc-eabivle/4.9.4/e200z3/fp/ecrti.o
 .sdata2        0x40000020        0x0 /home/jonathan/apps/S32DS/Cross_Tools/powerpc-eabivle-4_9/bin/../lib/gcc/powerpc-eabivle/4.9.4/e200z3/fp/crtbegin.o
 *(.sdata2.*)

.sbss2          0x40000020        0x0 load address 0x000045f8
 *(.sbss2)
 .sbss2         0x40000020        0x0 /home/jonathan/apps/S32DS/Cross_Tools/powerpc-eabivle-4_9/bin/../lib/gcc/powerpc-eabivle/4.9.4/e200z3/fp/ecrtn.o
 *(.sbss2.*)

.rela.dyn       0x40000020        0x0 load address 0x000045f8
 .rela.iplt     0x40000020        0x0 /home/jonathan/apps/S32DS/Cross_Tools/powerpc-eabivle-4_9/bin/../lib/gcc/powerpc-eabivle/4.9.4/e200z3/fp/crtbegin.o
 .rela.text     0x40000020        0x0 /home/jonathan/apps/S32DS/Cross_Tools/powerpc-eabivle-4_9/bin/../lib/gcc/powerpc-eabivle/4.9.4/e200z3/fp/crtbegin.o
 .rela.text.main
                0x40000020        0x0 /home/jonathan/apps/S32DS/Cross_Tools/powerpc-eabivle-4_9/bin/../lib/gcc/powerpc-eabivle/4.9.4/e200z3/fp/crtbegin.o
 .rela.rchw     0x40000020        0x0 /home/jonathan/apps/S32DS/Cross_Tools/powerpc-eabivle-4_9/bin/../lib/gcc/powerpc-eabivle/4.9.4/e200z3/fp/crtbegin.o
 .rela.text.InitINTC
                0x40000020        0x0 /home/jonathan/apps/S32DS/Cross_Tools/powerpc-eabivle-4_9/bin/../lib/gcc/powerpc-eabivle/4.9.4/e200z3/fp/crtbegin.o
 .rela.got2     0x40000020        0x0 /home/jonathan/apps/S32DS/Cross_Tools/powerpc-eabivle-4_9/bin/../lib/gcc/powerpc-eabivle/4.9.4/e200z3/fp/crtbegin.o

.sdata          0x40000020        0x0 load address 0x000045f8
 *(.sdata)
 .sdata         0x40000020        0x0 /home/jonathan/apps/S32DS/Cross_Tools/powerpc-eabivle-4_9/bin/../lib/gcc/powerpc-eabivle/4.9.4/e200z3/fp/ecrti.o
 .sdata         0x40000020        0x0 /home/jonathan/apps/S32DS/Cross_Tools/powerpc-eabivle-4_9/bin/../lib/gcc/powerpc-eabivle/4.9.4/e200z3/fp/crtbegin.o
 *(.sdata.*)

.bss            0x40000020       0x24 load address 0x000045f8
                0x40000020                __BSS_START = .
 *(.sbss)
 .sbss          0x40000020        0x0 /home/jonathan/apps/S32DS/Cross_Tools/powerpc-eabivle-4_9/bin/../lib/gcc/powerpc-eabivle/4.9.4/e200z3/fp/crtbegin.o
 .sbss          0x40000020        0x4 ./src/main.o
                0x40000020                ledStatus
 .sbss          0x40000024        0x0 /home/jonathan/apps/S32DS/Cross_Tools/powerpc-eabivle-4_9/bin/../lib/gcc/powerpc-eabivle/4.9.4/e200z3/fp/ecrtn.o
                0x40000024                __SBSS_END__
 *(.sbss.*)
 *(.bss)
 .bss           0x40000024       0x20 /home/jonathan/apps/S32DS/Cross_Tools/powerpc-eabivle-4_9/bin/../lib/gcc/powerpc-eabivle/4.9.4/e200z3/fp/crtbegin.o
 *(.bss.*)
 *(COMMON)
                0x40000044                __BSS_END = .

.iplt           0x40000050        0x0 load address 0x000045f8
 .iplt          0x40000050        0x0 /home/jonathan/apps/S32DS/Cross_Tools/powerpc-eabivle-4_9/bin/../lib/gcc/powerpc-eabivle/4.9.4/e200z3/fp/crtbegin.o

.stack          0x40000050     0x1004 load address 0x00004600
                0x40000050                __HEAP = .
                [!provide]                PROVIDE (_end, .)
                [!provide]                PROVIDE (end, .)
                0x40000050                . = (. + __HEAP_SIZE)
                0x40000050                __HEAP_END = .
                0x40000050                _stack_end = .
                0x40001050                . = (. + __STACK_SIZE)
 *fill*         0x40000050     0x1000 
                0x40001050                _stack_addr = .
                0x40001050                __SP_INIT = .
                0x40001054                . = (. + 0x4)
 *fill*         0x40001050        0x4 
                0x40000000                __DATA_SRAM_ADDR = ADDR (.data)
                0x40000020                __SDATA_SRAM_ADDR = ADDR (.sdata)
                0x00000004                __DATA_SIZE = SIZEOF (.data)
                0x00000000                __SDATA_SIZE = SIZEOF (.sdata)
                0x000045d8                __DATA_ROM_ADDR = LOADADDR (.data)
                0x000045f8                __SDATA_ROM_ADDR = LOADADDR (.sdata)
                0x00017800                __SRAM_SIZE = SRAM_SIZE
                0x40000000                __SRAM_BASE_ADDR = SRAM_BASE_ADDR
                0x00000024                __BSS_SIZE = (__BSS_END - __BSS_START)
OUTPUT(ledBlink.elf elf32-powerpc)

.comment        0x00000000       0xa7
 .comment       0x00000000        0xd /home/jonathan/apps/S32DS/Cross_Tools/powerpc-eabivle-4_9/bin/../lib/gcc/powerpc-eabivle/4.9.4/e200z3/fp/ecrti.o
                                  0xe (size before relaxing)
 .comment       0x0000000d       0x8d /home/jonathan/apps/S32DS/Cross_Tools/powerpc-eabivle-4_9/bin/../lib/gcc/powerpc-eabivle/4.9.4/e200z3/fp/crtbegin.o
                                 0x8e (size before relaxing)
 .comment       0x0000009a       0x8e ./src/main.o
 .comment       0x0000009a       0x8e ./src/led.o
 .comment       0x0000009a       0x8e ./src/flashrchw.o
 .comment       0x0000009a       0x8e ./src/Vector.o
 .comment       0x0000009a       0x8e ./src/MPC56xx__Interrupt_Init.o
 .comment       0x0000009a       0x8e ./src/INTCISRVEC_table.o
 .comment       0x0000009a       0x8e /home/jonathan/apps/S32DS/Cross_Tools/powerpc-eabivle-4_9/bin/../lib/gcc/powerpc-eabivle/4.9.4/e200z3/fp/crtend.o
 .comment       0x0000009a        0xd /home/jonathan/apps/S32DS/Cross_Tools/powerpc-eabivle-4_9/bin/../lib/gcc/powerpc-eabivle/4.9.4/e200z3/fp/ecrtn.o
                                  0xe (size before relaxing)

.PPC.EMB.apuinfo
                0x00000000       0x1c
 .PPC.EMB.apuinfo
                0x00000000       0x18 /home/jonathan/apps/S32DS/Cross_Tools/powerpc-eabivle-4_9/bin/../lib/gcc/powerpc-eabivle/4.9.4/e200z3/fp/ecrti.o
 .PPC.EMB.apuinfo
                0x00000018       0x18 /home/jonathan/apps/S32DS/Cross_Tools/powerpc-eabivle-4_9/bin/../lib/gcc/powerpc-eabivle/4.9.4/e200z3/fp/crtbegin.o
 .PPC.EMB.apuinfo
                0x00000030       0x18 ./src/main.o
 .PPC.EMB.apuinfo
                0x00000048       0x18 ./src/led.o
 .PPC.EMB.apuinfo
                0x00000060       0x18 ./src/intc_sw_handlers.o
 .PPC.EMB.apuinfo
                0x00000078       0x18 ./src/Vector.o
 .PPC.EMB.apuinfo
                0x00000090       0x18 ./src/MPC56xx__Interrupt_Init.o
 .PPC.EMB.apuinfo
                0x000000a8       0x18 ./src/INTCISRVEC_table.o
 .PPC.EMB.apuinfo
                0x000000c0       0x1c ./Project_Settings/Startup_Code/startup.o
 .PPC.EMB.apuinfo
                0x000000dc       0x18 /home/jonathan/apps/S32DS/Cross_Tools/powerpc-eabivle-4_9/bin/../lib/gcc/powerpc-eabivle/4.9.4/e200z3/fp/libgcc.a(eabivle.o)
 .PPC.EMB.apuinfo
                0x000000f4       0x18 /home/jonathan/apps/S32DS/Cross_Tools/powerpc-eabivle-4_9/bin/../lib/gcc/powerpc-eabivle/4.9.4/e200z3/fp/crtend.o
 .PPC.EMB.apuinfo
                0x0000010c       0x18 /home/jonathan/apps/S32DS/Cross_Tools/powerpc-eabivle-4_9/bin/../lib/gcc/powerpc-eabivle/4.9.4/e200z3/fp/ecrtn.o

.debug_info     0x00000000     0x1bd5
 .debug_info    0x00000000       0xc6 ./src/main.o
 .debug_info    0x000000c6     0x14ca ./src/led.o
 .debug_info    0x00001590       0x78 ./src/intc_sw_handlers.o
 .debug_info    0x00001608       0x99 ./src/flashrchw.o
 .debug_info    0x000016a1       0x21 ./src/Vector.o
 .debug_info    0x000016c2      0x3d7 ./src/MPC56xx__Interrupt_Init.o
 .debug_info    0x00001a99       0xb3 ./src/INTCISRVEC_table.o
 .debug_info    0x00001b4c       0x89 ./Project_Settings/Startup_Code/startup.o

.debug_abbrev   0x00000000      0x455
 .debug_abbrev  0x00000000       0x90 ./src/main.o
 .debug_abbrev  0x00000090      0x14f ./src/led.o
 .debug_abbrev  0x000001df       0x14 ./src/intc_sw_handlers.o
 .debug_abbrev  0x000001f3       0x60 ./src/flashrchw.o
 .debug_abbrev  0x00000253       0x13 ./src/Vector.o
 .debug_abbrev  0x00000266      0x15f ./src/MPC56xx__Interrupt_Init.o
 .debug_abbrev  0x000003c5       0x7c ./src/INTCISRVEC_table.o
 .debug_abbrev  0x00000441       0x14 ./Project_Settings/Startup_Code/startup.o

.debug_aranges  0x00000000      0x128
 .debug_aranges
                0x00000000       0x28 ./src/main.o
 .debug_aranges
                0x00000028       0x30 ./src/led.o
 .debug_aranges
                0x00000058       0x20 ./src/intc_sw_handlers.o
 .debug_aranges
                0x00000078       0x18 ./src/flashrchw.o
 .debug_aranges
                0x00000090       0x18 ./src/Vector.o
 .debug_aranges
                0x000000a8       0x40 ./src/MPC56xx__Interrupt_Init.o
 .debug_aranges
                0x000000e8       0x20 ./src/INTCISRVEC_table.o
 .debug_aranges
                0x00000108       0x20 ./Project_Settings/Startup_Code/startup.o

.debug_ranges   0x00000000       0x78
 .debug_ranges  0x00000000       0x18 ./src/main.o
 .debug_ranges  0x00000018       0x20 ./src/led.o
 .debug_ranges  0x00000038       0x30 ./src/MPC56xx__Interrupt_Init.o
 .debug_ranges  0x00000068       0x10 ./src/INTCISRVEC_table.o

.debug_macro    0x00000000     0x1249
 .debug_macro   0x00000000       0xc7 ./src/main.o
 .debug_macro   0x000000c7      0x61c ./src/main.o
 .debug_macro   0x000006e3       0x52 ./src/main.o
 .debug_macro   0x00000735       0xa0 ./src/main.o
 .debug_macro   0x000007d5       0x16 ./src/main.o
 .debug_macro   0x000007eb       0x64 ./src/main.o
 .debug_macro   0x0000084f      0x1a3 ./src/main.o
 .debug_macro   0x000009f2      0x133 ./src/main.o
 .debug_macro   0x00000b25       0x9d ./src/main.o
 .debug_macro   0x00000bc2       0x10 ./src/main.o
 .debug_macro   0x00000bd2      0x15b ./src/main.o
 .debug_macro   0x00000d2d       0x28 ./src/main.o
 .debug_macro   0x00000d55       0x58 ./src/main.o
 .debug_macro   0x00000dad      0x123 ./src/main.o
 .debug_macro   0x00000ed0       0x28 ./src/main.o
 .debug_macro   0x00000ef8       0xbf ./src/led.o
 .debug_macro   0x00000fb7       0xb9 ./src/flashrchw.o
 .debug_macro   0x00001070       0x41 ./src/Vector.o
 .debug_macro   0x000010b1       0x2e ./src/Vector.o
 .debug_macro   0x000010df       0xc9 ./src/MPC56xx__Interrupt_Init.o
 .debug_macro   0x000011a8       0xa1 ./src/INTCISRVEC_table.o

.debug_line     0x00000000      0xc1a
 .debug_line    0x00000000      0x21a ./src/main.o
 .debug_line    0x0000021a      0x1fc ./src/led.o
 .debug_line    0x00000416       0x5d ./src/intc_sw_handlers.o
 .debug_line    0x00000473      0x1b5 ./src/flashrchw.o
 .debug_line    0x00000628       0xea ./src/Vector.o
 .debug_line    0x00000712      0x27a ./src/MPC56xx__Interrupt_Init.o
 .debug_line    0x0000098c      0x1d1 ./src/INTCISRVEC_table.o
 .debug_line    0x00000b5d       0xbd ./Project_Settings/Startup_Code/startup.o

.debug_str      0x00000000     0x4a11
 .debug_str     0x00000000     0x40f0 ./src/main.o
                               0x4192 (size before relaxing)
 .debug_str     0x000040f0      0x587 ./src/led.o
                               0x4732 (size before relaxing)
 .debug_str     0x00004677       0x7a ./src/flashrchw.o
                               0x3a99 (size before relaxing)
 .debug_str     0x000046f1      0x185 ./src/Vector.o
                               0x24b7 (size before relaxing)
 .debug_str     0x00004876      0x17b ./src/MPC56xx__Interrupt_Init.o
                               0x43de (size before relaxing)
 .debug_str     0x000049f1       0x20 ./src/INTCISRVEC_table.o
                               0x3a52 (size before relaxing)

.debug_frame    0x00000000      0x1bc
 .debug_frame   0x00000000       0x50 ./src/main.o
 .debug_frame   0x00000050       0x7c ./src/led.o
 .debug_frame   0x000000cc       0xc4 ./src/MPC56xx__Interrupt_Init.o
 .debug_frame   0x00000190       0x2c ./src/INTCISRVEC_table.o
